<<<<<<< HEAD
22100b02
=======
24694438
>>>>>>> e6dfec5437c9aaaa321740672dabe1fe7bdeddc3
