<<<<<<< HEAD
6181c6b9
=======
9be52233
>>>>>>> e6dfec5437c9aaaa321740672dabe1fe7bdeddc3
