<<<<<<< HEAD
ffde54f3
=======
21edcc22
>>>>>>> e6dfec5437c9aaaa321740672dabe1fe7bdeddc3
