<<<<<<< HEAD
466e8b44
=======
39da3a2f
>>>>>>> e6dfec5437c9aaaa321740672dabe1fe7bdeddc3
