<<<<<<< HEAD
3a38a4df
=======
c012c14e
>>>>>>> e6dfec5437c9aaaa321740672dabe1fe7bdeddc3
