<<<<<<< HEAD
000092d8
=======
000004c4
>>>>>>> e6dfec5437c9aaaa321740672dabe1fe7bdeddc3
