<<<<<<< HEAD
00002b11
=======
0000153a
>>>>>>> e6dfec5437c9aaaa321740672dabe1fe7bdeddc3
