<<<<<<< HEAD
e3594f6e
=======
acf04712
>>>>>>> e6dfec5437c9aaaa321740672dabe1fe7bdeddc3
