<<<<<<< HEAD
2670ab33
=======
30ee8841
>>>>>>> e6dfec5437c9aaaa321740672dabe1fe7bdeddc3
