<<<<<<< HEAD
a9bea1da
=======
d1c180ea
>>>>>>> e6dfec5437c9aaaa321740672dabe1fe7bdeddc3
