<<<<<<< HEAD
433e110e
=======
04bcd2a0
>>>>>>> e6dfec5437c9aaaa321740672dabe1fe7bdeddc3
