<<<<<<< HEAD
5030a52b
=======
49cc93d0
>>>>>>> e6dfec5437c9aaaa321740672dabe1fe7bdeddc3
