<<<<<<< HEAD
8f32646d
=======
b11439f0
>>>>>>> e6dfec5437c9aaaa321740672dabe1fe7bdeddc3
