<<<<<<< HEAD
eb5f8fad
=======
30ee8841
>>>>>>> e6dfec5437c9aaaa321740672dabe1fe7bdeddc3
