<<<<<<< HEAD
f2f14790
=======
fe82c719
>>>>>>> e6dfec5437c9aaaa321740672dabe1fe7bdeddc3
