<<<<<<< HEAD
00000003
=======
00000005
>>>>>>> e6dfec5437c9aaaa321740672dabe1fe7bdeddc3
