<<<<<<< HEAD
2113ad7a
=======
9dabb98b
>>>>>>> e6dfec5437c9aaaa321740672dabe1fe7bdeddc3
