<<<<<<< HEAD
00d07bb7
=======
0ff545a2
>>>>>>> e6dfec5437c9aaaa321740672dabe1fe7bdeddc3
