<<<<<<< HEAD
bf71bbb7
=======
f77bddfb
>>>>>>> e6dfec5437c9aaaa321740672dabe1fe7bdeddc3
