<<<<<<< HEAD
9c160000
=======
868c0000
>>>>>>> e6dfec5437c9aaaa321740672dabe1fe7bdeddc3
