<<<<<<< HEAD
478b0000
=======
3b1c0000
>>>>>>> e6dfec5437c9aaaa321740672dabe1fe7bdeddc3
