WARNING: rtl/avl_slave_mem.v:38: $readmemh: Standard inconsistency, following 1364-2005.
WARNING: rtl/avl_slave_mem.v:38: $readmemh(test/1-binary/sb/sb_4.hex.txt): Not enough words in the file for the requested range [0:2047].
VCD info: dumpfile test/mips_cpu_bus.vcd opened for output.

FATAL: rtl/mips_cpu_bus_tb.v:33: Simulation did not finish within         500 cycles.
       Time: 10000 Scope: mips_cpu_bus_tb
