<<<<<<< HEAD
9d61b0b5
=======
d31299c3
>>>>>>> e6dfec5437c9aaaa321740672dabe1fe7bdeddc3
