<<<<<<< HEAD
26709022
=======
6669e041
>>>>>>> e6dfec5437c9aaaa321740672dabe1fe7bdeddc3
