<<<<<<< HEAD
c7046d22
=======
ec02fb31
>>>>>>> e6dfec5437c9aaaa321740672dabe1fe7bdeddc3
