<<<<<<< HEAD
89deeea0
=======
8de39366
>>>>>>> e6dfec5437c9aaaa321740672dabe1fe7bdeddc3
