<<<<<<< HEAD
dd12772b
=======
8bd5fccd
>>>>>>> e6dfec5437c9aaaa321740672dabe1fe7bdeddc3
