<<<<<<< HEAD
08de8912
=======
15653cc9
>>>>>>> e6dfec5437c9aaaa321740672dabe1fe7bdeddc3
