<<<<<<< HEAD
122d8e8c
=======
02171287
>>>>>>> e6dfec5437c9aaaa321740672dabe1fe7bdeddc3
