<<<<<<< HEAD
3176beea
=======
6ef6e4e0
>>>>>>> e6dfec5437c9aaaa321740672dabe1fe7bdeddc3
