<<<<<<< HEAD
034c3871
=======
2020b35b
>>>>>>> e6dfec5437c9aaaa321740672dabe1fe7bdeddc3
