<<<<<<< HEAD
28350a62
=======
14017bcd
>>>>>>> e6dfec5437c9aaaa321740672dabe1fe7bdeddc3
