<<<<<<< HEAD
19915ad6
=======
3224d3b9
>>>>>>> e6dfec5437c9aaaa321740672dabe1fe7bdeddc3
