<<<<<<< HEAD
2670bb33
=======
6669f57b
>>>>>>> e6dfec5437c9aaaa321740672dabe1fe7bdeddc3
