<<<<<<< HEAD
c704fffa
=======
ec02fff5
>>>>>>> e6dfec5437c9aaaa321740672dabe1fe7bdeddc3
