<<<<<<< HEAD
1c16979f
=======
068cba9f
>>>>>>> e6dfec5437c9aaaa321740672dabe1fe7bdeddc3
