<<<<<<< HEAD
c7889506
=======
e9813b76
>>>>>>> e6dfec5437c9aaaa321740672dabe1fe7bdeddc3
