<<<<<<< HEAD
3b10ab4b
=======
357af7e4
>>>>>>> e6dfec5437c9aaaa321740672dabe1fe7bdeddc3
