<<<<<<< HEAD
dc29c8a2
=======
b6f59110
>>>>>>> e6dfec5437c9aaaa321740672dabe1fe7bdeddc3
